[debug] [2026-10-03T00:04:08.111Z] ----------------------------------------------------------------------
[debug] [2026-10-03T00:04:08.116Z] Command:       C:\Program Files\nodejs\node.exe C:\Users\Nihal\AppData\Roaming\npm\node_modules\firebase-tools\lib\bin\firebase.js init
[debug] [2026-10-03T00:04:08.116Z] CLI Version:   15.32.1
[debug] [2026-10-03T00:04:08.117Z] Platform:      win32
[debug] [2026-10-03T00:04:08.117Z] Node Version:  v24.21.0
[debug] [2026-10-03T00:04:08.117Z] Detected Agent: unknown
[debug] [2026-10-03T00:04:08.117Z] Time:          Sat Oct 03 2026 05:34:08 GMT+0530 (India Standard Time)
[debug] [2026-10-03T00:04:08.117Z] ----------------------------------------------------------------------
[debug] 
[info] 
     ######## #### ########  ######## ########     ###     ######  ########
     ##        ##  ##     ## ##       ##     ##  ##   ##  ##       ##
     ######    ##  ########  ######   ########  #########  ######  ######
     ##        ##  ##    ##  ##       ##     ## ##     ##       ## ##
     ##       #### ##     ## ######## ########  ##     ##  ######  ########

You're about to initialize a Firebase project in this directory:

  C:\Users\Nihal\Downloads\SOLAS

[info] 
=== Project Setup
[info] 
[info] First, let's associate this project directory with a Firebase project.
[info] You can create multiple project aliases by running firebase use --add, 
[info] 
[debug] [2026-10-03T00:05:59.082Z] > command requires scopes: ["email","openid","https://www.googleapis.com/auth/cloudplatformprojects.readonly","https://www.googleapis.com/auth/firebase","https://www.googleapis.com/auth/cloud-platform"]
[debug] [2026-10-03T00:05:59.083Z] > authorizing via signed-in user (2024param@gmail.com)
[debug] [2026-10-03T00:05:59.105Z] Checked if tokens are valid: true, expires at: 1790989405695
[debug] [2026-10-03T00:05:59.105Z] Checked if tokens are valid: true, expires at: 1790989405695
[debug] [2026-10-03T00:05:59.107Z] >>> [apiv2][query] GET https://firebase.googleapis.com/v1beta1/projects pageSize=100
[debug] [2026-10-03T00:06:00.364Z] <<< [apiv2][status] GET https://firebase.googleapis.com/v1beta1/projects 200
[debug] [2026-10-03T00:06:00.365Z] <<< [apiv2][body] GET https://firebase.googleapis.com/v1beta1/projects [omitted]
[info] 
=== Hosting Setup
[debug] [2026-10-03T00:06:07.836Z] Checked if tokens are valid: true, expires at: 1790989405695
[debug] [2026-10-03T00:06:07.836Z] Checked if tokens are valid: true, expires at: 1790989405695
[debug] [2026-10-03T00:06:07.837Z] >>> [apiv2][query] GET https://firebase.googleapis.com/v1beta1/projects/soalsmuj [none]
[debug] [2026-10-03T00:06:08.742Z] <<< [apiv2][status] GET https://firebase.googleapis.com/v1beta1/projects/soalsmuj 200
[debug] [2026-10-03T00:06:08.743Z] <<< [apiv2][body] GET https://firebase.googleapis.com/v1beta1/projects/soalsmuj {"projectId":"soalsmuj","projectNumber":"53844829772","displayName":"Soals","name":"projects/soalsmuj","resources":{"hostingSite":"soalsmuj"},"state":"ACTIVE","labels":{"firebase":"enabled"},"etag":"1_f7175e8e-05ec-4b18-95d7-6c15b8b3a39d"}
[info] 
[info] Your public directory is the folder (relative to your project directory) that
[info] will contain Hosting assets to be uploaded with firebase deploy. If you
[info] have a build process for your assets, use your build's output directory.
[info] 
[info] 
[info] i  Didn't detect a .git folder. Assuming C:\Users\Nihal\Downloads\SOLAS is the project root. 
[info] i  Authorizing with GitHub to upload your service account to a GitHub repository's secrets store. 
[info] 
[info] Visit this URL on this device to log in:
[info] https://github.com/login/oauth/authorize?client_id=89cf50f02ac6aaed3484&state=420659184&redirect_uri=http%3A%2F%2Flocalhost%3A9005&scope=read%3Auser%20repo%20public_repo
[info] 
[info] Waiting for authentication...
[debug] [2026-10-03T00:07:38.789Z] >>> [apiv2][query] POST https://github.com/login/oauth/access_token [none]
[debug] [2026-10-03T00:07:38.791Z] >>> [apiv2][body] POST https://github.com/login/oauth/access_token [stream]
[debug] [2026-10-03T00:07:39.373Z] <<< [apiv2][status] POST https://github.com/login/oauth/access_token 200
[debug] [2026-10-03T00:07:39.374Z] <<< [apiv2][body] POST https://github.com/login/oauth/access_token {"access_token":"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","token_type":"bearer","scope":"read:user,repo"}
[debug] [2026-10-03T00:07:39.415Z] >>> [apiv2][query] GET https://api.github.com/user [none]
[debug] [2026-10-03T00:07:40.405Z] <<< [apiv2][status] GET https://api.github.com/user 200
[debug] [2026-10-03T00:07:40.406Z] <<< [apiv2][body] GET https://api.github.com/user {"login":"paramtechstar","id":337160522,"node_id":"U_kgDOFBipSg","avatar_url":"https://avatars.githubusercontent.com/u/337160522?v=4","gravatar_id":"","url":"https://api.github.com/users/paramtechstar","html_url":"https://github.com/paramtechstar","followers_url":"https://api.github.com/users/paramtechstar/followers","following_url":"https://api.github.com/users/paramtechstar/following{/other_user}","gists_url":"https://api.github.com/users/paramtechstar/gists{/gist_id}","starred_url":"https://api.github.com/users/paramtechstar/starred{/owner}{/repo}","subscriptions_url":"https://api.github.com/users/paramtechstar/subscriptions","organizations_url":"https://api.github.com/users/paramtechstar/orgs","repos_url":"https://api.github.com/users/paramtechstar/repos","events_url":"https://api.github.com/users/paramtechstar/events{/privacy}","received_events_url":"https://api.github.com/users/paramtechstar/received_events","type":"User","user_view_type":"private","site_admin":false,"name":null,"company":null,"blog":"","location":null,"email":null,"hireable":null,"bio":null,"twitter_username":null,"notification_email":null,"public_repos":0,"public_gists":0,"followers":0,"following":0,"created_at":"2026-10-03T00:07:32Z","updated_at":"2026-10-03T00:07:32Z","private_gists":0,"total_private_repos":0,"owned_private_repos":0,"disk_usage":0,"collaborators":0,"two_factor_authentication":false,"plan":{"name":"free","space":976562499,"collaborators":0,"private_repos":10000}}
[info] 
[info] +  Success! Logged into GitHub as paramtechstar 
[info] 
